// Jest Snapshot v1, https://goo.gl/fbAQLP

exports[`MockSpy prueba de exito 1`] = `[Function]`;
